| Sources/cross-references/lib.swift:16:8:16:17 | PrefixOperatorDecl |
| Sources/cross-references/lib.swift:21:9:21:18 | PostfixOperatorDecl |
| Sources/cross-references/lib.swift:26:7:26:16 | InfixOperatorDecl |
