| Sources/cross-references/lib.swift:14:1:14:15 | StructDecl |
| Sources/cross-references/main.swift:11:1:11:15 | StructDecl |
